Archive member included because of file (symbol)

c:/program files (x86)/gnu tools arm embedded/4.9 2015q3/bin/../lib/gcc/arm-none-eabi/4.9.3/../../../../arm-none-eabi/lib/armv7e-m/softfp\libm.a(lib_a-w_sqrt.o)
                              ..\obj\LCD.o (sqrt)
c:/program files (x86)/gnu tools arm embedded/4.9 2015q3/bin/../lib/gcc/arm-none-eabi/4.9.3/../../../../arm-none-eabi/lib/armv7e-m/softfp\libm.a(lib_a-e_sqrt.o)
                              c:/program files (x86)/gnu tools arm embedded/4.9 2015q3/bin/../lib/gcc/arm-none-eabi/4.9.3/../../../../arm-none-eabi/lib/armv7e-m/softfp\libm.a(lib_a-w_sqrt.o) (__ieee754_sqrt)
c:/program files (x86)/gnu tools arm embedded/4.9 2015q3/bin/../lib/gcc/arm-none-eabi/4.9.3/../../../../arm-none-eabi/lib/armv7e-m/softfp\libm.a(lib_a-s_fpclassify.o)
                              c:/program files (x86)/gnu tools arm embedded/4.9 2015q3/bin/../lib/gcc/arm-none-eabi/4.9.3/../../../../arm-none-eabi/lib/armv7e-m/softfp\libm.a(lib_a-w_sqrt.o) (__fpclassifyd)
c:/program files (x86)/gnu tools arm embedded/4.9 2015q3/bin/../lib/gcc/arm-none-eabi/4.9.3/../../../../arm-none-eabi/lib/armv7e-m/softfp\libm.a(lib_a-s_lib_ver.o)
                              c:/program files (x86)/gnu tools arm embedded/4.9 2015q3/bin/../lib/gcc/arm-none-eabi/4.9.3/../../../../arm-none-eabi/lib/armv7e-m/softfp\libm.a(lib_a-w_sqrt.o) (__fdlib_version)
c:/program files (x86)/gnu tools arm embedded/4.9 2015q3/bin/../lib/gcc/arm-none-eabi/4.9.3/../../../../arm-none-eabi/lib/armv7e-m/softfp\libm.a(lib_a-s_matherr.o)
                              c:/program files (x86)/gnu tools arm embedded/4.9 2015q3/bin/../lib/gcc/arm-none-eabi/4.9.3/../../../../arm-none-eabi/lib/armv7e-m/softfp\libm.a(lib_a-w_sqrt.o) (matherr)
c:/program files (x86)/gnu tools arm embedded/4.9 2015q3/bin/../lib/gcc/arm-none-eabi/4.9.3/armv7e-m/softfp\libgcc.a(_arm_addsubdf3.o)
                              c:/program files (x86)/gnu tools arm embedded/4.9 2015q3/bin/../lib/gcc/arm-none-eabi/4.9.3/../../../../arm-none-eabi/lib/armv7e-m/softfp\libm.a(lib_a-e_sqrt.o) (__aeabi_dsub)
c:/program files (x86)/gnu tools arm embedded/4.9 2015q3/bin/../lib/gcc/arm-none-eabi/4.9.3/armv7e-m/softfp\libgcc.a(_arm_muldivdf3.o)
                              c:/program files (x86)/gnu tools arm embedded/4.9 2015q3/bin/../lib/gcc/arm-none-eabi/4.9.3/../../../../arm-none-eabi/lib/armv7e-m/softfp\libm.a(lib_a-e_sqrt.o) (__aeabi_dmul)
c:/program files (x86)/gnu tools arm embedded/4.9 2015q3/bin/../lib/gcc/arm-none-eabi/4.9.3/armv7e-m/softfp\libgcc.a(_arm_cmpdf2.o)
                              c:/program files (x86)/gnu tools arm embedded/4.9 2015q3/bin/../lib/gcc/arm-none-eabi/4.9.3/../../../../arm-none-eabi/lib/armv7e-m/softfp\libm.a(lib_a-w_sqrt.o) (__aeabi_dcmplt)
c:/program files (x86)/gnu tools arm embedded/4.9 2015q3/bin/../lib/gcc/arm-none-eabi/4.9.3/armv7e-m/softfp\libgcc.a(_arm_fixdfsi.o)
                              ..\obj\LCD.o (__aeabi_d2iz)
c:/program files (x86)/gnu tools arm embedded/4.9 2015q3/bin/../lib/gcc/arm-none-eabi/4.9.3/../../../../arm-none-eabi/lib/armv7e-m/softfp\libc.a(lib_a-errno.o)
                              c:/program files (x86)/gnu tools arm embedded/4.9 2015q3/bin/../lib/gcc/arm-none-eabi/4.9.3/../../../../arm-none-eabi/lib/armv7e-m/softfp\libm.a(lib_a-w_sqrt.o) (__errno)

Allocating common symbols
Common symbol       size              file

racket0_sem         0x1               ..\obj\LCDTask.o
PriNum              0x1               ..\obj\task.o
TaskNumPerPri       0x11              ..\obj\task.o
score1              0x1               ..\obj\LCDTask.o
pos_init            0x2               ..\obj\LCDTask.o
led_stk             0x400             ..\obj\LedTask.o
LCD_stk             0x6000            ..\obj\LCDTask.o
lastKey             0x1               ..\obj\JoyTmr.o
RdyTaskPriInfo      0x4               ..\obj\task.o
global_racket0_posY
                    0x1               ..\obj\LCDTask.o
i                   0x2               ..\obj\LCD.o
global_racket1_posY
                    0x1               ..\obj\LCDTask.o
score0              0x1               ..\obj\LCDTask.o
ActivePri           0x11              ..\obj\task.o
racket1_sem         0x1               ..\obj\LCDTask.o
ADC_ConvertedValue  0x4               ..\obj\analogJoy_driver.o
DeviceCode          0x2               ..\obj\LCD.o
keyFlag             0x1               ..\obj\JoyTmr.o

Discarded input sections

 .text          0x00000000        0x0 ..\obj\led_driver.o
 .data          0x00000000        0x0 ..\obj\led_driver.o
 .bss           0x00000000        0x0 ..\obj\led_driver.o
 .text.Init_Leds
                0x00000000       0x38 ..\obj\led_driver.o
 .text.LED_On   0x00000000       0x74 ..\obj\led_driver.o
 .text.LED_Off  0x00000000       0x74 ..\obj\led_driver.o
 .text.LED_Toggle
                0x00000000       0x74 ..\obj\led_driver.o
 .debug_info    0x00000000      0x323 ..\obj\led_driver.o
[...]
Memory Configuration

Name             Origin             Length             Attributes
rom              0x08000000         0x00100000         xr
ram              0x20000000         0x00020000         xrw
ram1             0x10000000         0x00010000         xrw
*default*        0x00000000         0xffffffff

Linker script and memory map

                0x20020000                _eram = 0x20020000

.text           0x08000000     0x70bc
 *(.isr_vector)
 .isr_vector    0x08000000      0x188 ..\obj\startup_stm32f4xx.o
                0x08000000                g_pfnVectors
 *(.text*)
 .text.CoCreateKheap
                0x08000188       0x44 ..\obj\kernelHeap.o
                0x08000188                CoCreateKheap
 .text.OsSchedUnlock
                0x080001cc       0x4c ..\obj\core.o
                0x080001cc                OsSchedUnlock
 .text.CoInitOS
                0x08000218       0x7c ..\obj\core.o
                0x08000218                CoInitOS
 .text.CoStartOS
                0x08000294       0x38 ..\obj\core.o
                0x08000294                CoStartOS
 .text.InsertTmrList
                0x080002cc      0x1d0 ..\obj\timer.o
 .text.RemoveTmrList
                0x0800049c       0xd4 ..\obj\timer.o
 .text.CoCreateTmr
                0x08000570      0x12c ..\obj\timer.o
                0x08000570                CoCreateTmr
 .text.CoStartTmr
                0x0800069c       0x70 ..\obj\timer.o
                0x0800069c                CoStartTmr
 .text.TmrDispose
                0x0800070c       0x78 ..\obj\timer.o
                0x0800070c                TmrDispose
 .text.isr_TmrDispose
                0x08000784       0x30 ..\obj\timer.o
                0x08000784                isr_TmrDispose
 .text.Init_Joy
                0x080007b4       0x30 ..\obj\joy_driver.o
                0x080007b4                Init_Joy
 .text.Read_Joy
                0x080007e4       0x3c ..\obj\joy_driver.o
                0x080007e4                Read_Joy
 .text.CreateLCDTask
                0x08000820       0x24 ..\obj\LCDTask.o
                0x08000820                CreateLCDTask
 .text.LCDManagerTask
                0x08000844      0x12c ..\obj\LCDTask.o
                0x08000844                LCDManagerTask
 .text.gameOverTask
                0x08000970       0xd0 ..\obj\LCDTask.o
                0x08000970                gameOverTask
 .text.LCDInitScreenControl
                0x08000a40      0x148 ..\obj\LCDTask.o
                0x08000a40                LCDInitScreenControl
 .text.InitScreen4Game
                0x08000b88       0x70 ..\obj\LCDTask.o
                0x08000b88                InitScreen4Game
 .text.LCDBallControlTask
                0x08000bf8      0x178 ..\obj\LCDTask.o
                0x08000bf8                LCDBallControlTask
 .text.printScoreTable
                0x08000d70       0x5c ..\obj\LCDTask.o
                0x08000d70                printScoreTable
 .text.LCDRacket0ControlTask
                0x08000dcc       0xe4 ..\obj\LCDTask.o
                0x08000dcc                LCDRacket0ControlTask
 .text.LCDRacket1ControlTask
                0x08000eb0       0xec ..\obj\LCDTask.o
                0x08000eb0                LCDRacket1ControlTask
 .text.CreateTCBList
                0x08000f9c       0x90 ..\obj\task.o
                0x08000f9c                CreateTCBList
 .text.GetPriSeqNum
                0x0800102c       0x80 ..\obj\task.o
 .text.GetRdyPriSeqNum
                0x080010ac      0x120 ..\obj\task.o
 .text.PrioRemap
                0x080011cc       0xd4 ..\obj\task.o
 .text.GetPrioSeqNumStatus
                0x080012a0       0x40 ..\obj\task.o
 .text.SetPrioSeqNumStatus
                0x080012e0       0x68 ..\obj\task.o
 .text.ActiveTaskPri
                0x08001348       0xb8 ..\obj\task.o
                0x08001348                ActiveTaskPri
 .text.DeleteTaskPri
                0x08001400       0xa0 ..\obj\task.o
                0x08001400                DeleteTaskPri
 .text.InsertToTCBRdyList
                0x080014a0      0x154 ..\obj\task.o
                0x080014a0                InsertToTCBRdyList
 .text.RemoveFromTCBRdyList
                0x080015f4      0x130 ..\obj\task.o
                0x080015f4                RemoveFromTCBRdyList
 .text.CoSetPriority
                0x08001724      0x1d0 ..\obj\task.o
                0x08001724                CoSetPriority
 .text.Schedule
                0x080018f4      0x140 ..\obj\task.o
                0x080018f4                Schedule
 .text.AssignTCB
                0x08001a34       0x4c ..\obj\task.o
 .text.CreateTask
                0x08001a80      0x124 ..\obj\task.o
                0x08001a80                CreateTask
 .text.CoDelTask
                0x08001ba4      0x120 ..\obj\task.o
                0x08001ba4                CoDelTask
 .text.Default_Reset_Handler
                0x08001cc4       0x68 ..\obj\startup_stm32f4xx.o
                0x08001cc4                Default_Reset_Handler
                0x08001cc4                Reset_Handler
 .text.Default_Handler
                0x08001d2c        0x8 ..\obj\startup_stm32f4xx.o
                0x08001d2c                RTC_Alarm_IRQHandler
                0x08001d2c                HASH_RNG_IRQHandler
                0x08001d2c                EXTI2_IRQHandler
                0x08001d2c                TIM8_CC_IRQHandler
                0x08001d2c                DebugMon_Handler
                0x08001d2c                TIM1_CC_IRQHandler
                0x08001d2c                DMA2_Stream5_IRQHandler
                0x08001d2c                HardFault_Handler
                0x08001d2c                DMA1_Stream5_IRQHandler
                0x08001d2c                PVD_IRQHandler
                0x08001d2c                SDIO_IRQHandler
                0x08001d2c                TAMP_STAMP_IRQHandler
                0x08001d2c                NMI_Handler
                0x08001d2c                CAN2_RX1_IRQHandler
                0x08001d2c                EXTI3_IRQHandler
                0x08001d2c                TIM8_TRG_COM_TIM14_IRQHandler
                0x08001d2c                TIM1_UP_TIM10_IRQHandler
                0x08001d2c                TIM8_UP_TIM13_IRQHandler
                0x08001d2c                I2C3_ER_IRQHandler
                0x08001d2c                EXTI0_IRQHandler
                0x08001d2c                I2C2_EV_IRQHandler
                0x08001d2c                DMA1_Stream2_IRQHandler
                0x08001d2c                CAN1_RX0_IRQHandler
                0x08001d2c                FPU_IRQHandler
                0x08001d2c                OTG_HS_WKUP_IRQHandler
                0x08001d2c                UsageFault_Handler
                0x08001d2c                CAN2_SCE_IRQHandler
                0x08001d2c                DMA2_Stream2_IRQHandler
                0x08001d2c                SPI1_IRQHandler
                0x08001d2c                TIM6_DAC_IRQHandler
                0x08001d2c                TIM1_BRK_TIM9_IRQHandler
                0x08001d2c                DCMI_IRQHandler
                0x08001d2c                CAN2_RX0_IRQHandler
                0x08001d2c                DMA2_Stream3_IRQHandler
                0x08001d2c                USART6_IRQHandler
                0x08001d2c                USART3_IRQHandler
                0x08001d2c                CRYP_IRQHandler
                0x08001d2c                CAN1_RX1_IRQHandler
                0x08001d2c                UART5_IRQHandler
                0x08001d2c                DMA2_Stream0_IRQHandler
                0x08001d2c                TIM4_IRQHandler
                0x08001d2c                I2C1_EV_IRQHandler
                0x08001d2c                DMA1_Stream6_IRQHandler
                0x08001d2c                DMA1_Stream1_IRQHandler
                0x08001d2c                UART4_IRQHandler
                0x08001d2c                TIM3_IRQHandler
                0x08001d2c                RCC_IRQHandler
                0x08001d2c                TIM8_BRK_TIM12_IRQHandler
                0x08001d2c                EXTI15_10_IRQHandler
                0x08001d2c                ADC_IRQHandler
                0x08001d2c                DMA1_Stream7_IRQHandler
                0x08001d2c                TIM7_IRQHandler
                0x08001d2c                CAN2_TX_IRQHandler
                0x08001d2c                TIM5_IRQHandler
                0x08001d2c                DMA2_Stream7_IRQHandler
                0x08001d2c                I2C3_EV_IRQHandler
                0x08001d2c                EXTI9_5_IRQHandler
                0x08001d2c                RTC_WKUP_IRQHandler
                0x08001d2c                ETH_WKUP_IRQHandler
                0x08001d2c                SPI2_IRQHandler
                0x08001d2c                OTG_HS_EP1_IN_IRQHandler
                0x08001d2c                MemManage_Handler
                0x08001d2c                DMA1_Stream0_IRQHandler
                0x08001d2c                CAN1_TX_IRQHandler
                0x08001d2c                SVC_Handler
                0x08001d2c                EXTI4_IRQHandler
                0x08001d2c                FSMC_IRQHandler
                0x08001d2c                ETH_IRQHandler
                0x08001d2c                OTG_HS_EP1_OUT_IRQHandler
                0x08001d2c                WWDG_IRQHandler
                0x08001d2c                TIM2_IRQHandler
                0x08001d2c                OTG_FS_WKUP_IRQHandler
                0x08001d2c                TIM1_TRG_COM_TIM11_IRQHandler
                0x08001d2c                OTG_HS_IRQHandler
                0x08001d2c                EXTI1_IRQHandler
                0x08001d2c                USART2_IRQHandler
                0x08001d2c                I2C2_ER_IRQHandler
                0x08001d2c                DMA2_Stream1_IRQHandler
                0x08001d2c                CAN1_SCE_IRQHandler
                0x08001d2c                FLASH_IRQHandler
                0x08001d2c                DMA2_Stream4_IRQHandler
                0x08001d2c                BusFault_Handler
                0x08001d2c                USART1_IRQHandler
                0x08001d2c                OTG_FS_IRQHandler
                0x08001d2c                SPI3_IRQHandler
                0x08001d2c                DMA1_Stream4_IRQHandler
                0x08001d2c                I2C1_ER_IRQHandler
                0x08001d2c                DMA2_Stream6_IRQHandler
                0x08001d2c                DMA1_Stream3_IRQHandler
 .text.RespondSRQ
                0x08001d34      0x100 ..\obj\serviceReq.o
                0x08001d34                RespondSRQ
 .text.Init_AnalogJoy
                0x08001e34      0x120 ..\obj\analogJoy_driver.o
                0x08001e34                Init_AnalogJoy
 .text.getAnalogJoy
                0x08001f54       0x2c ..\obj\analogJoy_driver.o
                0x08001f54                getAnalogJoy
 .text.CreateSystemObjetcs
                0x08001f80        0xc ..\obj\main.o
                0x08001f80                CreateSystemObjetcs
 .text.CreateUserTasks
                0x08001f8c       0x10 ..\obj\main.o
                0x08001f8c                CreateUserTasks
 .text.main     0x08001f9c       0x1c ..\obj\main.o
                0x08001f9c                main
 .text.RCC_AHB1PeriphClockCmd
                0x08001fb8       0x3c ..\obj\stm32f4xx_rcc.o
                0x08001fb8                RCC_AHB1PeriphClockCmd
 .text.RCC_AHB3PeriphClockCmd
                0x08001ff4       0x3c ..\obj\stm32f4xx_rcc.o
                0x08001ff4                RCC_AHB3PeriphClockCmd
 .text.RCC_APB2PeriphClockCmd
                0x08002030       0x3c ..\obj\stm32f4xx_rcc.o
                0x08002030                RCC_APB2PeriphClockCmd
 .text.ADC_Init
                0x0800206c       0xa8 ..\obj\stm32f4xx_adc.o
                0x0800206c                ADC_Init
 .text.ADC_CommonInit
                0x08002114       0x50 ..\obj\stm32f4xx_adc.o
                0x08002114                ADC_CommonInit
 .text.ADC_Cmd  0x08002164       0x38 ..\obj\stm32f4xx_adc.o
                0x08002164                ADC_Cmd
 .text.ADC_RegularChannelConfig
                0x0800219c      0x194 ..\obj\stm32f4xx_adc.o
                0x0800219c                ADC_RegularChannelConfig
 .text.ADC_SoftwareStartConv
                0x08002330       0x20 ..\obj\stm32f4xx_adc.o
                0x08002330                ADC_SoftwareStartConv
 .text.ADC_DMACmd
                0x08002350       0x38 ..\obj\stm32f4xx_adc.o
                0x08002350                ADC_DMACmd
 .text.ADC_DMARequestAfterLastTransferCmd
                0x08002388       0x38 ..\obj\stm32f4xx_adc.o
                0x08002388                ADC_DMARequestAfterLastTransferCmd
 .text.GetASCIICode
                0x080023c0       0x34 ..\obj\AsciiLib.o
                0x080023c0                GetASCIICode
 .text.PutChar  0x080023f4       0x20 ..\obj\printf.o
                0x080023f4                PutChar
 .text.PutString
                0x08002414       0x3c ..\obj\printf.o
                0x08002414                PutString
 .text.PutUnsignedInt
                0x08002450       0xa0 ..\obj\printf.o
                0x08002450                PutUnsignedInt
 .text.PutSignedInt
                0x080024f0      0x104 ..\obj\printf.o
                0x080024f0                PutSignedInt
 .text.PutHexa  0x080025f4       0xd8 ..\obj\printf.o
                0x080025f4                PutHexa
 .text.vsnprintf
                0x080026cc      0x25c ..\obj\printf.o
                0x080026cc                vsnprintf
 .text.vsprintf
                0x08002928       0x24 ..\obj\printf.o
                0x08002928                vsprintf
 .text.sprintf  0x0800294c       0x2c ..\obj\printf.o
                0x0800294c                sprintf
 .text.CoPostMail
                0x08002978       0x74 ..\obj\mbox.o
                0x08002978                CoPostMail
 .text.LCD_CtrlLinesConfig
                0x080029ec      0x11c ..\obj\LCD.o
 .text.LCD_FSMCConfig
                0x08002b08       0x78 ..\obj\LCD.o
 .text.LCD_Configuration
                0x08002b80       0x28 ..\obj\LCD.o
 .text.delay_ms
                0x08002ba8       0x40 ..\obj\LCD.o
                0x08002ba8                delay_ms
 .text.LCD_Initialization
                0x08002be8     0x1780 ..\obj\LCD.o
                0x08002be8                LCD_Initialization
 .text.LCD_Clear
                0x08004368       0x94 ..\obj\LCD.o
                0x08004368                LCD_Clear
 .text.LCD_SetCursor
                0x080043fc       0xc8 ..\obj\LCD.o
                0x080043fc                LCD_SetCursor
 .text.LCD_SetPoint
                0x080044c4       0x40 ..\obj\LCD.o
                0x080044c4                LCD_SetPoint
 .text.LCD_FillRectangle
                0x08004504       0x6c ..\obj\LCD.o
                0x08004504                LCD_FillRectangle
 .text.LCD_FillCircle
                0x08004570       0xb8 ..\obj\LCD.o
                0x08004570                LCD_FillCircle
 .text.LCD_PutChar
                0x08004628       0xb4 ..\obj\LCD.o
                0x08004628                LCD_PutChar
 .text.LCD_PrintText
                0x080046dc       0x6c ..\obj\LCD.o
                0x080046dc                LCD_PrintText
 .text.LCD_WriteIndex
                0x08004748       0x1c ..\obj\LCD.o
                0x08004748                LCD_WriteIndex
 .text.LCD_WriteData
                0x08004764       0x20 ..\obj\LCD.o
                0x08004764                LCD_WriteData
 .text.LCD_ReadData
                0x08004784       0x18 ..\obj\LCD.o
                0x08004784                LCD_ReadData
 .text.LCD_WriteReg
                0x0800479c       0x28 ..\obj\LCD.o
                0x0800479c                LCD_WriteReg
 .text.LCD_ReadReg
                0x080047c4       0x20 ..\obj\LCD.o
                0x080047c4                LCD_ReadReg
 .text.FSMC_NORSRAMInit
                0x080047e4      0x134 ..\obj\stm32f4xx_fsmc.o
                0x080047e4                FSMC_NORSRAMInit
 .text.FSMC_NORSRAMCmd
                0x08004918       0x54 ..\obj\stm32f4xx_fsmc.o
                0x08004918                FSMC_NORSRAMCmd
 .text.InsertDelayList
                0x0800496c       0xf0 ..\obj\time.o
                0x0800496c                InsertDelayList
 .text.RemoveDelayList
                0x08004a5c       0xb4 ..\obj\time.o
                0x08004a5c                RemoveDelayList
 .text.CoTickDelay
                0x08004b10       0x70 ..\obj\time.o
                0x08004b10                CoTickDelay
 .text.CoTimeDelay
                0x08004b80       0xb0 ..\obj\time.o
                0x08004b80                CoTimeDelay
 .text.TimeDispose
                0x08004c30       0x74 ..\obj\time.o
                0x08004c30                TimeDispose
 .text.isr_TimeDispose
                0x08004ca4       0x30 ..\obj\time.o
                0x08004ca4                isr_TimeDispose
 .text.waitForKey
                0x08004cd4       0x28 ..\obj\JoyTmr.o
                0x08004cd4                waitForKey
 .text.SetFlagKey
                0x08004cfc       0x20 ..\obj\JoyTmr.o
                0x08004cfc                SetFlagKey
 .text.CreateJoyFlags
                0x08004d1c       0x1c ..\obj\JoyTmr.o
                0x08004d1c                CreateJoyFlags
 .text.CreateJoyTimer
                0x08004d38       0x40 ..\obj\JoyTmr.o
                0x08004d38                CreateJoyTimer
 .text.JoyTimer
                0x08004d78       0x38 ..\obj\JoyTmr.o
                0x08004d78                JoyTimer
 .text.CreateEventList
                0x08004db0       0x78 ..\obj\event.o
                0x08004db0                CreateEventList
 .text.EventTaskToWait
                0x08004e28      0x100 ..\obj\event.o
                0x08004e28                EventTaskToWait
 .text.EventTaskToRdy
                0x08004f28      0x10c ..\obj\event.o
                0x08004f28                EventTaskToRdy
 .text.RemoveEventWaittingList
                0x08005034       0x98 ..\obj\event.o
                0x08005034                RemoveEventWaittingList
 .text.GPIO_Init
                0x080050cc      0x11c ..\obj\stm32f4xx_gpio.o
                0x080050cc                GPIO_Init
 .text.GPIO_ReadInputDataBit
                0x080051e8       0x34 ..\obj\stm32f4xx_gpio.o
                0x080051e8                GPIO_ReadInputDataBit
 .text.GPIO_PinAFConfig
                0x0800521c       0x90 ..\obj\stm32f4xx_gpio.o
                0x0800521c                GPIO_PinAFConfig
 .text.SystemInit
                0x080052ac       0x68 ..\obj\system_stm32f4xx.o
                0x080052ac                SystemInit
 .text.SetSysClock
                0x08005314       0xf4 ..\obj\system_stm32f4xx.o
 .text.DMA_Init
                0x08005408       0xac ..\obj\stm32f4xx_dma.o
                0x08005408                DMA_Init
 .text.DMA_Cmd  0x080054b4       0x38 ..\obj\stm32f4xx_dma.o
                0x080054b4                DMA_Cmd
 .text.CoPostQueueMail
                0x080054ec       0xac ..\obj\queue.o
                0x080054ec                CoPostQueueMail
 .text.IRQ_ENABLE_RESTORE
                0x08005598       0x10 ..\obj\port.o
                0x08005598                IRQ_ENABLE_RESTORE
 .text.IRQ_DISABLE_SAVE
                0x080055a8       0x10 ..\obj\port.o
                0x080055a8                IRQ_DISABLE_SAVE
 .text.SetEnvironment
                0x080055b8        0xc ..\obj\port.o
                0x080055b8                SetEnvironment
 .text.SwitchContext
                0x080055c4       0x14 ..\obj\port.o
                0x080055c4                SwitchContext
 .text.PendSV_Handler
                0x080055d8       0x3c ..\obj\port.o
                0x080055d8                PendSV_Handler
 .text.CoLeaveMutexSection
                0x08005614      0x14c ..\obj\mutex.o
                0x08005614                CoLeaveMutexSection
 .text.RemoveMutexList
                0x08005760       0xf0 ..\obj\mutex.o
                0x08005760                RemoveMutexList
 .text.CoCreateFlag
                0x08005850       0x98 ..\obj\flag.o
                0x08005850                CoCreateFlag
 .text.CoWaitForSingleFlag
                0x080058e8      0x178 ..\obj\flag.o
                0x080058e8                CoWaitForSingleFlag
 .text.CoSetFlag
                0x08005a60       0xf4 ..\obj\flag.o
                0x08005a60                CoSetFlag
 .text.FlagBlock
                0x08005b54       0x78 ..\obj\flag.o
 .text.RemoveFromLink
                0x08005bcc       0x54 ..\obj\flag.o
 .text.RemoveLinkNode
                0x08005c20       0x84 ..\obj\flag.o
                0x08005c20                RemoveLinkNode
 .text.InitTaskContext
                0x08005ca4       0x50 ..\obj\arch.o
                0x08005ca4                InitTaskContext
 .text.SysTick_Handler
                0x08005cf4       0x98 ..\obj\arch.o
                0x08005cf4                SysTick_Handler
 .text.CoPendSem
                0x08005d8c       0xe8 ..\obj\sem.o
                0x08005d8c                CoPendSem
 .text.CoPostSem
                0x08005e74       0x78 ..\obj\sem.o
                0x08005e74                CoPostSem
 .text.CoIdleTask
                0x08005eec        0xc ..\obj\hook.o
                0x08005eec                CoIdleTask
 .text.CoStkOverflowHook
                0x08005ef8        0xc ..\obj\hook.o
                0x08005ef8                CoStkOverflowHook
 .text.sqrt     0x08005f04       0xac c:/program files (x86)/gnu tools arm embedded/4.9 2015q3/bin/../lib/gcc/arm-none-eabi/4.9.3/../../../../arm-none-eabi/lib/armv7e-m/softfp\libm.a(lib_a-w_sqrt.o)
                0x08005f04                sqrt
 .text.__ieee754_sqrt
                0x08005fb0      0x188 c:/program files (x86)/gnu tools arm embedded/4.9 2015q3/bin/../lib/gcc/arm-none-eabi/4.9.3/../../../../arm-none-eabi/lib/armv7e-m/softfp\libm.a(lib_a-e_sqrt.o)
                0x08005fb0                __ieee754_sqrt
 .text.__fpclassifyd
                0x08006138       0x58 c:/program files (x86)/gnu tools arm embedded/4.9 2015q3/bin/../lib/gcc/arm-none-eabi/4.9.3/../../../../arm-none-eabi/lib/armv7e-m/softfp\libm.a(lib_a-s_fpclassify.o)
                0x08006138                __fpclassifyd
 .text.matherr  0x08006190        0x4 c:/program files (x86)/gnu tools arm embedded/4.9 2015q3/bin/../lib/gcc/arm-none-eabi/4.9.3/../../../../arm-none-eabi/lib/armv7e-m/softfp\libm.a(lib_a-s_matherr.o)
                0x08006190                matherr
 .text          0x08006194      0x370 c:/program files (x86)/gnu tools arm embedded/4.9 2015q3/bin/../lib/gcc/arm-none-eabi/4.9.3/armv7e-m/softfp\libgcc.a(_arm_addsubdf3.o)
                0x08006194                __aeabi_drsub
                0x0800619c                __aeabi_dsub
                0x0800619c                __subdf3
                0x080061a0                __aeabi_dadd
                0x080061a0                __adddf3
                0x08006418                __floatunsidf
                0x08006418                __aeabi_ui2d
                0x08006438                __floatsidf
                0x08006438                __aeabi_i2d
                0x0800645c                __aeabi_f2d
                0x0800645c                __extendsfdf2
                0x08006498                __floatundidf
                0x08006498                __aeabi_ul2d
                0x080064a8                __floatdidf
                0x080064a8                __aeabi_l2d
 .text          0x08006504      0x424 c:/program files (x86)/gnu tools arm embedded/4.9 2015q3/bin/../lib/gcc/arm-none-eabi/4.9.3/armv7e-m/softfp\libgcc.a(_arm_muldivdf3.o)
                0x08006504                __aeabi_dmul
                0x08006504                __muldf3
                0x08006758                __divdf3
                0x08006758                __aeabi_ddiv
 .text          0x08006928      0x110 c:/program files (x86)/gnu tools arm embedded/4.9 2015q3/bin/../lib/gcc/arm-none-eabi/4.9.3/armv7e-m/softfp\libgcc.a(_arm_cmpdf2.o)
                0x08006928                __gtdf2
                0x08006928                __gedf2
                0x08006930                __ltdf2
                0x08006930                __ledf2
                0x08006938                __nedf2
                0x08006938                __eqdf2
                0x08006938                __cmpdf2
                0x080069b4                __aeabi_cdrcmple
                0x080069c4                __aeabi_cdcmpeq
                0x080069c4                __aeabi_cdcmple
                0x080069d4                __aeabi_dcmpeq
                0x080069e8                __aeabi_dcmplt
                0x080069fc                __aeabi_dcmple
                0x08006a10                __aeabi_dcmpge
                0x08006a24                __aeabi_dcmpgt
 .text          0x08006a38       0x50 c:/program files (x86)/gnu tools arm embedded/4.9 2015q3/bin/../lib/gcc/arm-none-eabi/4.9.3/armv7e-m/softfp\libgcc.a(_arm_fixdfsi.o)
                0x08006a38                __aeabi_d2iz
                0x08006a38                __fixdfsi
 .text.__errno  0x08006a88        0xc c:/program files (x86)/gnu tools arm embedded/4.9 2015q3/bin/../lib/gcc/arm-none-eabi/4.9.3/../../../../arm-none-eabi/lib/armv7e-m/softfp\libc.a(lib_a-errno.o)
                0x08006a88                __errno
 *(.init)
 *(.fini)
 *crtbegin.o(.ctors)
 *crtbegin?.o(.ctors)
 *(EXCLUDE_FILE(*crtend.o *crtend?.o) .ctors)
 *(SORT(.ctors.*))
 *(.ctors)
 *crtbegin.o(.dtors)
 *crtbegin?.o(.dtors)
 *(EXCLUDE_FILE(*crtend.o *crtend?.o) .dtors)
 *(SORT(.dtors.*))
 *(.dtors)
 *(.rodata*)
 .rodata        0x08006a94       0x2f ..\obj\LCDTask.o
 *fill*         0x08006ac3        0x1 
 .rodata        0x08006ac4      0x5f0 ..\obj\AsciiLib.o
 .rodata.str1.4
                0x080070b4        0x8 c:/program files (x86)/gnu tools arm embedded/4.9 2015q3/bin/../lib/gcc/arm-none-eabi/4.9.3/../../../../arm-none-eabi/lib/armv7e-m/softfp\libm.a(lib_a-w_sqrt.o)
                                  0x5 (size before relaxing)
 *(.eh_fram e*)

.glue_7         0x080070bc        0x0
 .glue_7        0x00000000        0x0 linker stubs

.glue_7t        0x080070bc        0x0
 .glue_7t       0x00000000        0x0 linker stubs

.vfp11_veneer   0x080070bc        0x0
 .vfp11_veneer  0x00000000        0x0 linker stubs

.v4_bx          0x080070bc        0x0
 .v4_bx         0x00000000        0x0 linker stubs

.iplt           0x080070bc        0x0
 .iplt          0x00000000        0x0 ..\obj\led_driver.o

.rel.dyn        0x080070bc        0x0
 .rel.iplt      0x00000000        0x0 ..\obj\led_driver.o

.ARM.extab
 *(.ARM.extab* .gnu.linkonce.armextab.*)
                0x080070bc                __exidx_start = .

.ARM.exidx
 *(.ARM.exidx* .gnu.linkonce.armexidx.*)
                0x080070bc                __exidx_end = .
                0x080070bc                __etext = .
                0x080070bc                _sidata = __etext

.data           0x20000000      0x43c load address 0x080070bc
                0x20000000                __data_start__ = .
                0x20000000                _sdata = __data_start__
 *(vtable)
 *(.data*)
 .data          0x20000000      0x42c ..\obj\printf.o
                0x20000000                r
                0x20000428                _impure_ptr
 .data          0x2000042c        0xc ..\obj\port.o
                0x2000042c                NVIC_INT_CTRL
                0x20000430                NVIC_PENDSVSET
                0x20000434                INT_EXIT
 .data.__fdlib_version
                0x20000438        0x1 c:/program files (x86)/gnu tools arm embedded/4.9 2015q3/bin/../lib/gcc/arm-none-eabi/4.9.3/../../../../arm-none-eabi/lib/armv7e-m/softfp\libm.a(lib_a-s_lib_ver.o)
                0x20000438                __fdlib_version
                0x2000043c                . = ALIGN (0x4)
 *fill*         0x20000439        0x3 
                0x2000043c                PROVIDE (__preinit_array_start, .)
 *(.preinit_array)
                0x2000043c                PROVIDE (__preinit_array_end, .)
                0x2000043c                . = ALIGN (0x4)
                0x2000043c                PROVIDE (__init_array_start, .)
 *(SORT(.init_array.*))
 *(.init_array)
                0x2000043c                PROVIDE (__init_array_end, .)
                0x2000043c                . = ALIGN (0x4)
                0x2000043c                PROVIDE (__fini_array_start, .)
 *(SORT(.fini_array.*))
 *(.fini_array)
                0x2000043c                PROVIDE (__fini_array_end, .)
 *(.jcr*)
                0x2000043c                . = ALIGN (0x4)
                0x2000043c                __data_end__ = .
                0x2000043c                _edata = __data_end__

.igot.plt       0x2000043c        0x0 load address 0x080074f8
 .igot.plt      0x00000000        0x0 ..\obj\led_driver.o

.bss            0x20000440     0x675c load address 0x08007500
                0x20000440                . = ALIGN (0x4)
                0x20000440                __bss_start__ = .
                0x20000440                _sbss = __bss_start__
 *(.bss*)
 .bss           0x20000440       0xd4 ..\obj\kernelHeap.o
                0x20000440                KernelHeap
                0x20000508                FMBlist
                0x2000050c                Kheap
 .bss           0x20000514        0x3 ..\obj\core.o
                0x20000514                OSIntNesting
                0x20000515                OSSchedLock
                0x20000516                TaskSchedReq
 *fill*         0x20000517        0x1 
 .bss           0x20000518       0x38 ..\obj\timer.o
                0x20000518                TmrTbl
                0x20000548                TmrList
                0x2000054c                TmrIDVessel
 .bss           0x20000550      0x419 ..\obj\task.o
                0x20000550                TCBTbl
                0x2000083c                idle_stk
                0x2000093c                FreeTCB
                0x20000940                TCBRdy
                0x20000944                TCBNext
                0x20000948                TCBRunning
                0x20000950                OSCheckTime
                0x20000958                RdyTaskPri
 *fill*         0x20000969        0x3 
 .bss           0x2000096c       0x2f ..\obj\serviceReq.o
                0x2000096c                ServiceReq
                0x20000998                IsrReq
                0x20000999                TimeReq
                0x2000099a                TimerReq
 .bss           0x2000099b        0x1 ..\obj\LCD.o
 .bss           0x2000099c        0x4 ..\obj\time.o
                0x2000099c                DlyList
 .bss           0x200009a0      0x144 ..\obj\event.o
                0x200009a0                EventTbl
                0x20000ae0                FreeEventList
 .bss           0x20000ae4       0x54 ..\obj\mutex.o
                0x20000ae4                MutexFreeID
                0x20000ae8                MutexTbl
 .bss           0x20000b38       0x14 ..\obj\flag.o
                0x20000b38                FlagCrl
 *fill*         0x20000b4c        0x4 
 .bss           0x20000b50        0x8 ..\obj\arch.o
                0x20000b50                OSTickCnt
 *(COMMON)
 COMMON         0x20000b58     0x6008 ..\obj\LCDTask.o
                0x20000b58                racket0_sem
                0x20000b59                score1
                0x20000b5a                pos_init
                0x20000b5c                LCD_stk
                0x20006b5c                global_racket0_posY
                0x20006b5d                global_racket1_posY
                0x20006b5e                score0
                0x20006b5f                racket1_sem
 COMMON         0x20006b60       0x2d ..\obj\task.o
                0x20006b60                PriNum
                0x20006b64                TaskNumPerPri
                0x20006b78                RdyTaskPriInfo
                0x20006b7c                ActivePri
 *fill*         0x20006b8d        0x3 
 COMMON         0x20006b90        0x4 ..\obj\analogJoy_driver.o
                0x20006b90                ADC_ConvertedValue
 COMMON         0x20006b94        0x4 ..\obj\LCD.o
                0x20006b94                i
                0x20006b96                DeviceCode
 COMMON         0x20006b98        0x2 ..\obj\JoyTmr.o
                0x20006b98                lastKey
                0x20006b99                keyFlag
                0x20006b9c                . = ALIGN (0x4)
 *fill*         0x20006b9a        0x2 
                0x20006b9c                __bss_end__ = .
                0x20006b9c                _ebss = __bss_end__

.heap           0x20006b9c        0x0
                0x20006b9c                __end__ = .
                0x20006b9c                _end = __end__
                0x20006b9c                end = __end__
 *(.heap*)
                0x20006b9c                __HeapLimit = .

.co_stack       0x20006b9c      0x804 load address 0x0800dc5c
                0x20006ba0                . = ALIGN (0x8)
 *fill*         0x20006b9c        0x4 
 *(.co_stack .co_stack.*)
 .co_stack      0x20006ba0      0x800 ..\obj\startup_stm32f4xx.o
                0x20006ba0                pulStack
                0x20020000                __StackTop = (ORIGIN (ram) + 0x20000)
                0x2001f7fc                __StackLimit = (__StackTop - SIZEOF (.co_stack))
                0x20020000                PROVIDE (__stack, __StackTop)
                0x00000001                ASSERT ((__StackLimit >= __HeapLimit), region ram  overflowed with stack)
LOAD ..\obj\led_driver.o
LOAD ..\obj\kernelHeap.o
LOAD ..\obj\core.o
LOAD ..\obj\timer.o
LOAD ..\obj\utility.o
LOAD ..\obj\stm32f4xx_usart.o
LOAD ..\obj\joy_driver.o
LOAD ..\obj\LCDTask.o
LOAD ..\obj\task.o
LOAD ..\obj\startup_stm32f4xx.o
LOAD ..\obj\serviceReq.o
LOAD ..\obj\analogJoy_driver.o
LOAD ..\obj\main.o
LOAD ..\obj\stm32f4xx_rcc.o
LOAD ..\obj\stm32f4xx_adc.o
LOAD ..\obj\AsciiLib.o
LOAD ..\obj\printf.o
LOAD ..\obj\mbox.o
LOAD ..\obj\mm.o
LOAD ..\obj\LCD.o
LOAD ..\obj\stm32f4xx_fsmc.o
LOAD ..\obj\LedTask.o
LOAD ..\obj\time.o
LOAD ..\obj\JoyTmr.o
LOAD ..\obj\event.o
LOAD ..\obj\stm32f4xx_gpio.o
LOAD ..\obj\stm32f4xx_flash.o
LOAD ..\obj\system_stm32f4xx.o
LOAD ..\obj\syscalls.o
LOAD ..\obj\stm32f4xx_dma.o
LOAD ..\obj\queue.o
LOAD ..\obj\port.o
LOAD ..\obj\mutex.o
LOAD ..\obj\flag.o
LOAD ..\obj\arch.o
LOAD ..\obj\misc.o
LOAD ..\obj\sem.o
LOAD ..\obj\hook.o
LOAD c:/program files (x86)/gnu tools arm embedded/4.9 2015q3/bin/../lib/gcc/arm-none-eabi/4.9.3/../../../../arm-none-eabi/lib/armv7e-m/softfp\libm.a
LOAD c:/program files (x86)/gnu tools arm embedded/4.9 2015q3/bin/../lib/gcc/arm-none-eabi/4.9.3/armv7e-m/softfp\libgcc.a
LOAD c:/program files (x86)/gnu tools arm embedded/4.9 2015q3/bin/../lib/gcc/arm-none-eabi/4.9.3/../../../../arm-none-eabi/lib/armv7e-m/softfp\libc.a
LOAD c:/program files (x86)/gnu tools arm embedded/4.9 2015q3/bin/../lib/gcc/arm-none-eabi/4.9.3/../../../../arm-none-eabi/lib/armv7e-m/softfp\libnosys.a
START GROUP
LOAD c:/program files (x86)/gnu tools arm embedded/4.9 2015q3/bin/../lib/gcc/arm-none-eabi/4.9.3/armv7e-m/softfp\libgcc.a
LOAD c:/program files (x86)/gnu tools arm embedded/4.9 2015q3/bin/../lib/gcc/arm-none-eabi/4.9.3/../../../../arm-none-eabi/lib/armv7e-m/softfp\libg.a
LOAD c:/program files (x86)/gnu tools arm embedded/4.9 2015q3/bin/../lib/gcc/arm-none-eabi/4.9.3/../../../../arm-none-eabi/lib/armv7e-m/softfp\libc.a
END GROUP
OUTPUT(STM32_CoOs.elf elf32-littlearm)

.debug_info     0x00000000     0x9bc3
 .debug_info    0x00000000      0x2d3 ..\obj\kernelHeap.o
 .debug_info    0x000002d3      0x2c8 ..\obj\core.o
 .debug_info    0x0000059b      0x3bd ..\obj\timer.o
 .debug_info    0x00000958      0x2df ..\obj\joy_driver.o
 .debug_info    0x00000c37      0x50c ..\obj\LCDTask.o
 .debug_info    0x00001143      0x9bf ..\obj\task.o
 .debug_info    0x00001b02       0xed ..\obj\startup_stm32f4xx.o
 .debug_info    0x00001bef      0x1e5 ..\obj\serviceReq.o
 .debug_info    0x00001dd4      0x633 ..\obj\analogJoy_driver.o
 .debug_info    0x00002407       0xf1 ..\obj\main.o
 .debug_info    0x000024f8      0xc4d ..\obj\stm32f4xx_rcc.o
 .debug_info    0x00003145      0xc38 ..\obj\stm32f4xx_adc.o
 .debug_info    0x00003d7d       0xdd ..\obj\AsciiLib.o
 .debug_info    0x00003e5a      0xe38 ..\obj\printf.o
 .debug_info    0x00004c92      0x40e ..\obj\mbox.o
 .debug_info    0x000050a0      0xc13 ..\obj\LCD.o
 .debug_info    0x00005cb3      0x8f5 ..\obj\stm32f4xx_fsmc.o
 .debug_info    0x000065a8      0x3d2 ..\obj\time.o
 .debug_info    0x0000697a      0x1e1 ..\obj\JoyTmr.o
 .debug_info    0x00006b5b      0x4a6 ..\obj\event.o
 .debug_info    0x00007001      0x602 ..\obj\stm32f4xx_gpio.o
 .debug_info    0x00007603      0x592 ..\obj\system_stm32f4xx.o
 .debug_info    0x00007b95      0x739 ..\obj\stm32f4xx_dma.o
 .debug_info    0x000082ce      0x528 ..\obj\queue.o
 .debug_info    0x000087f6      0x197 ..\obj\port.o
 .debug_info    0x0000898d      0x475 ..\obj\mutex.o
 .debug_info    0x00008e02      0x639 ..\obj\flag.o
 .debug_info    0x0000943b      0x2fe ..\obj\arch.o
 .debug_info    0x00009739      0x3ce ..\obj\sem.o
 .debug_info    0x00009b07       0xbc ..\obj\hook.o

.debug_abbrev   0x00000000     0x2901
 .debug_abbrev  0x00000000      0x14f ..\obj\kernelHeap.o
 .debug_abbrev  0x0000014f       0xf5 ..\obj\core.o
 .debug_abbrev  0x00000244      0x194 ..\obj\timer.o
 .debug_abbrev  0x000003d8      0x12a ..\obj\joy_driver.o
 .debug_abbrev  0x00000502      0x17b ..\obj\LCDTask.o
 .debug_abbrev  0x0000067d      0x24c ..\obj\task.o
 .debug_abbrev  0x000008c9       0xb0 ..\obj\startup_stm32f4xx.o
 .debug_abbrev  0x00000979      0x114 ..\obj\serviceReq.o
 .debug_abbrev  0x00000a8d      0x14a ..\obj\analogJoy_driver.o
 .debug_abbrev  0x00000bd7       0x97 ..\obj\main.o
 .debug_abbrev  0x00000c6e      0x1e3 ..\obj\stm32f4xx_rcc.o
 .debug_abbrev  0x00000e51      0x196 ..\obj\stm32f4xx_adc.o
 .debug_abbrev  0x00000fe7       0x82 ..\obj\AsciiLib.o
 .debug_abbrev  0x00001069      0x27e ..\obj\printf.o
 .debug_abbrev  0x000012e7      0x15f ..\obj\mbox.o
 .debug_abbrev  0x00001446      0x279 ..\obj\LCD.o
 .debug_abbrev  0x000016bf      0x170 ..\obj\stm32f4xx_fsmc.o
 .debug_abbrev  0x0000182f      0x194 ..\obj\time.o
 .debug_abbrev  0x000019c3       0xea ..\obj\JoyTmr.o
 .debug_abbrev  0x00001aad      0x1d4 ..\obj\event.o
 .debug_abbrev  0x00001c81      0x1a3 ..\obj\stm32f4xx_gpio.o
 .debug_abbrev  0x00001e24      0x136 ..\obj\system_stm32f4xx.o
 .debug_abbrev  0x00001f5a      0x155 ..\obj\stm32f4xx_dma.o
 .debug_abbrev  0x000020af      0x17f ..\obj\queue.o
 .debug_abbrev  0x0000222e       0xe7 ..\obj\port.o
 .debug_abbrev  0x00002315      0x15f ..\obj\mutex.o
 .debug_abbrev  0x00002474      0x1b1 ..\obj\flag.o
 .debug_abbrev  0x00002625      0x111 ..\obj\arch.o
 .debug_abbrev  0x00002736      0x141 ..\obj\sem.o
 .debug_abbrev  0x00002877       0x8a ..\obj\hook.o

.debug_aranges  0x00000000      0xc50
 .debug_aranges
                0x00000000       0x38 ..\obj\kernelHeap.o
 .debug_aranges
                0x00000038       0x58 ..\obj\core.o
 .debug_aranges
                0x00000090       0x68 ..\obj\timer.o
 .debug_aranges
                0x000000f8       0x28 ..\obj\joy_driver.o
 .debug_aranges
                0x00000120       0x60 ..\obj\LCDTask.o
 .debug_aranges
                0x00000180       0xb0 ..\obj\task.o
 .debug_aranges
                0x00000230       0x28 ..\obj\startup_stm32f4xx.o
 .debug_aranges
                0x00000258       0x28 ..\obj\serviceReq.o
 .debug_aranges
                0x00000280       0x28 ..\obj\analogJoy_driver.o
 .debug_aranges
                0x000002a8       0x30 ..\obj\main.o
 .debug_aranges
                0x000002d8      0x178 ..\obj\stm32f4xx_rcc.o
 .debug_aranges
                0x00000450      0x148 ..\obj\stm32f4xx_adc.o
 .debug_aranges
                0x00000598       0x20 ..\obj\AsciiLib.o
 .debug_aranges
                0x000005b8       0xa0 ..\obj\printf.o
 .debug_aranges
                0x00000658       0x48 ..\obj\mbox.o
 .debug_aranges
                0x000006a0       0xd0 ..\obj\LCD.o
 .debug_aranges
                0x00000770       0xb0 ..\obj\stm32f4xx_fsmc.o
 .debug_aranges
                0x00000820       0x58 ..\obj\time.o
 .debug_aranges
                0x00000878       0x40 ..\obj\JoyTmr.o
 .debug_aranges
                0x000008b8       0x50 ..\obj\event.o
 .debug_aranges
                0x00000908       0x88 ..\obj\stm32f4xx_gpio.o
 .debug_aranges
                0x00000990       0x30 ..\obj\system_stm32f4xx.o
 .debug_aranges
                0x000009c0       0xb0 ..\obj\stm32f4xx_dma.o
 .debug_aranges
                0x00000a70       0x48 ..\obj\queue.o
 .debug_aranges
                0x00000ab8       0x50 ..\obj\port.o
 .debug_aranges
                0x00000b08       0x38 ..\obj\mutex.o
 .debug_aranges
                0x00000b40       0x78 ..\obj\flag.o
 .debug_aranges
                0x00000bb8       0x28 ..\obj\arch.o
 .debug_aranges
                0x00000be0       0x48 ..\obj\sem.o
 .debug_aranges
                0x00000c28       0x28 ..\obj\hook.o

.debug_ranges   0x00000000      0xa70
 .debug_ranges  0x00000000       0x28 ..\obj\kernelHeap.o
 .debug_ranges  0x00000028       0x48 ..\obj\core.o
 .debug_ranges  0x00000070       0x58 ..\obj\timer.o
 .debug_ranges  0x000000c8       0x18 ..\obj\joy_driver.o
 .debug_ranges  0x000000e0       0x50 ..\obj\LCDTask.o
 .debug_ranges  0x00000130       0xa0 ..\obj\task.o
 .debug_ranges  0x000001d0       0x18 ..\obj\startup_stm32f4xx.o
 .debug_ranges  0x000001e8       0x18 ..\obj\serviceReq.o
 .debug_ranges  0x00000200       0x18 ..\obj\analogJoy_driver.o
 .debug_ranges  0x00000218       0x20 ..\obj\main.o
 .debug_ranges  0x00000238      0x168 ..\obj\stm32f4xx_rcc.o
 .debug_ranges  0x000003a0      0x138 ..\obj\stm32f4xx_adc.o
 .debug_ranges  0x000004d8       0x10 ..\obj\AsciiLib.o
 .debug_ranges  0x000004e8       0x90 ..\obj\printf.o
 .debug_ranges  0x00000578       0x38 ..\obj\mbox.o
 .debug_ranges  0x000005b0       0xc0 ..\obj\LCD.o
 .debug_ranges  0x00000670       0xa0 ..\obj\stm32f4xx_fsmc.o
 .debug_ranges  0x00000710       0x48 ..\obj\time.o
 .debug_ranges  0x00000758       0x30 ..\obj\JoyTmr.o
 .debug_ranges  0x00000788       0x40 ..\obj\event.o
 .debug_ranges  0x000007c8       0x78 ..\obj\stm32f4xx_gpio.o
 .debug_ranges  0x00000840       0x20 ..\obj\system_stm32f4xx.o
 .debug_ranges  0x00000860       0xa0 ..\obj\stm32f4xx_dma.o
 .debug_ranges  0x00000900       0x38 ..\obj\queue.o
 .debug_ranges  0x00000938       0x40 ..\obj\port.o
 .debug_ranges  0x00000978       0x28 ..\obj\mutex.o
 .debug_ranges  0x000009a0       0x68 ..\obj\flag.o
 .debug_ranges  0x00000a08       0x18 ..\obj\arch.o
 .debug_ranges  0x00000a20       0x38 ..\obj\sem.o
 .debug_ranges  0x00000a58       0x18 ..\obj\hook.o

.debug_line     0x00000000     0x470f
 .debug_line    0x00000000      0x18a ..\obj\kernelHeap.o
 .debug_line    0x0000018a      0x121 ..\obj\core.o
 .debug_line    0x000002ab      0x1ec ..\obj\timer.o
 .debug_line    0x00000497      0x205 ..\obj\joy_driver.o
 .debug_line    0x0000069c      0x33b ..\obj\LCDTask.o
 .debug_line    0x000009d7      0x445 ..\obj\task.o
 .debug_line    0x00000e1c       0x9d ..\obj\startup_stm32f4xx.o
 .debug_line    0x00000eb9       0xc6 ..\obj\serviceReq.o
 .debug_line    0x00000f7f      0x255 ..\obj\analogJoy_driver.o
 .debug_line    0x000011d4      0x188 ..\obj\main.o
 .debug_line    0x0000135c      0x5a1 ..\obj\stm32f4xx_rcc.o
 .debug_line    0x000018fd      0x552 ..\obj\stm32f4xx_adc.o
 .debug_line    0x00001e4f       0x64 ..\obj\AsciiLib.o
 .debug_line    0x00001eb3      0x373 ..\obj\printf.o
 .debug_line    0x00002226      0x135 ..\obj\mbox.o
 .debug_line    0x0000235b      0x7e3 ..\obj\LCD.o
 .debug_line    0x00002b3e      0x454 ..\obj\stm32f4xx_fsmc.o
 .debug_line    0x00002f92      0x1d2 ..\obj\time.o
 .debug_line    0x00003164      0x1f6 ..\obj\JoyTmr.o
 .debug_line    0x0000335a      0x1a9 ..\obj\event.o
 .debug_line    0x00003503      0x343 ..\obj\stm32f4xx_gpio.o
 .debug_line    0x00003846      0x1f9 ..\obj\system_stm32f4xx.o
 .debug_line    0x00003a3f      0x3dc ..\obj\stm32f4xx_dma.o
 .debug_line    0x00003e1b      0x17c ..\obj\queue.o
 .debug_line    0x00003f97      0x120 ..\obj\port.o
 .debug_line    0x000040b7      0x155 ..\obj\mutex.o
 .debug_line    0x0000420c      0x262 ..\obj\flag.o
 .debug_line    0x0000446e       0xec ..\obj\arch.o
 .debug_line    0x0000455a      0x12d ..\obj\sem.o
 .debug_line    0x00004687       0x88 ..\obj\hook.o

.debug_str      0x00000000     0x36ed
 .debug_str     0x00000000      0x234 ..\obj\kernelHeap.o
                                0x258 (size before relaxing)
 .debug_str     0x00000234      0x17c ..\obj\core.o
                                0x2a7 (size before relaxing)
 .debug_str     0x000003b0      0x145 ..\obj\timer.o
                                0x295 (size before relaxing)
 .debug_str     0x000004f5      0x216 ..\obj\joy_driver.o
                                0x366 (size before relaxing)
 .debug_str     0x0000070b      0x23f ..\obj\LCDTask.o
                                0x40a (size before relaxing)
 .debug_str     0x0000094a      0x2fe ..\obj\task.o
                                0x521 (size before relaxing)
 .debug_str     0x00000c48       0xab ..\obj\startup_stm32f4xx.o
                                0x167 (size before relaxing)
 .debug_str     0x00000cf3       0x9b ..\obj\serviceReq.o
                                0x1cd (size before relaxing)
 .debug_str     0x00000d8e      0x334 ..\obj\analogJoy_driver.o
                                0x64f (size before relaxing)
 .debug_str     0x000010c2       0x71 ..\obj\main.o
                                0x1be (size before relaxing)
 .debug_str     0x00001133      0x690 ..\obj\stm32f4xx_rcc.o
                                0x870 (size before relaxing)
 .debug_str     0x000017c3      0x500 ..\obj\stm32f4xx_adc.o
                                0x824 (size before relaxing)
 .debug_str     0x00001cc3       0x56 ..\obj\AsciiLib.o
                                0x189 (size before relaxing)
 .debug_str     0x00001d19      0x4bb ..\obj\printf.o
                                0x67f (size before relaxing)
 .debug_str     0x000021d4       0x95 ..\obj\mbox.o
                                0x2e8 (size before relaxing)
 .debug_str     0x00002269      0x4a4 ..\obj\LCD.o
                                0x828 (size before relaxing)
 .debug_str     0x0000270d      0x3f3 ..\obj\stm32f4xx_fsmc.o
                                0x7aa (size before relaxing)
 .debug_str     0x00002b00       0xcc ..\obj\time.o
                                0x304 (size before relaxing)
 .debug_str     0x00002bcc       0x6a ..\obj\JoyTmr.o
                                0x21f (size before relaxing)
 .debug_str     0x00002c36       0xe0 ..\obj\event.o
                                0x34f (size before relaxing)
 .debug_str     0x00002d16      0x199 ..\obj\stm32f4xx_gpio.o
                                0x4c3 (size before relaxing)
 .debug_str     0x00002eaf      0x113 ..\obj\system_stm32f4xx.o
                                0x3ca (size before relaxing)
 .debug_str     0x00002fc2      0x25c ..\obj\stm32f4xx_dma.o
                                0x562 (size before relaxing)
 .debug_str     0x0000321e       0xab ..\obj\queue.o
                                0x34c (size before relaxing)
 .debug_str     0x000032c9       0xc1 ..\obj\port.o
                                0x1e7 (size before relaxing)
 .debug_str     0x0000338a       0x89 ..\obj\mutex.o
                                0x357 (size before relaxing)
 .debug_str     0x00003413      0x19c ..\obj\flag.o
                                0x3c5 (size before relaxing)
 .debug_str     0x000035af       0x66 ..\obj\arch.o
                                0x2c7 (size before relaxing)
 .debug_str     0x00003615       0x85 ..\obj\sem.o
                                0x2eb (size before relaxing)
 .debug_str     0x0000369a       0x53 ..\obj\hook.o
                                0x17a (size before relaxing)

.comment        0x00000000       0x70
 .comment       0x00000000       0x70 ..\obj\kernelHeap.o
                                 0x71 (size before relaxing)
 .comment       0x00000000       0x71 ..\obj\core.o
 .comment       0x00000000       0x71 ..\obj\timer.o
 .comment       0x00000000       0x71 ..\obj\joy_driver.o
 .comment       0x00000000       0x71 ..\obj\LCDTask.o
 .comment       0x00000000       0x71 ..\obj\task.o
 .comment       0x00000000       0x71 ..\obj\startup_stm32f4xx.o
 .comment       0x00000000       0x71 ..\obj\serviceReq.o
 .comment       0x00000000       0x71 ..\obj\analogJoy_driver.o
 .comment       0x00000000       0x71 ..\obj\main.o
 .comment       0x00000000       0x71 ..\obj\stm32f4xx_rcc.o
 .comment       0x00000000       0x71 ..\obj\stm32f4xx_adc.o
 .comment       0x00000000       0x71 ..\obj\AsciiLib.o
 .comment       0x00000000       0x71 ..\obj\printf.o
 .comment       0x00000000       0x71 ..\obj\mbox.o
 .comment       0x00000000       0x71 ..\obj\LCD.o
 .comment       0x00000000       0x71 ..\obj\stm32f4xx_fsmc.o
 .comment       0x00000000       0x71 ..\obj\time.o
 .comment       0x00000000       0x71 ..\obj\JoyTmr.o
 .comment       0x00000000       0x71 ..\obj\event.o
 .comment       0x00000000       0x71 ..\obj\stm32f4xx_gpio.o
 .comment       0x00000000       0x71 ..\obj\system_stm32f4xx.o
 .comment       0x00000000       0x71 ..\obj\stm32f4xx_dma.o
 .comment       0x00000000       0x71 ..\obj\queue.o
 .comment       0x00000000       0x71 ..\obj\port.o
 .comment       0x00000000       0x71 ..\obj\mutex.o
 .comment       0x00000000       0x71 ..\obj\flag.o
 .comment       0x00000000       0x71 ..\obj\arch.o
 .comment       0x00000000       0x71 ..\obj\sem.o
 .comment       0x00000000       0x71 ..\obj\hook.o

.ARM.attributes
                0x00000000       0x37
 .ARM.attributes
                0x00000000       0x37 ..\obj\kernelHeap.o
 .ARM.attributes
                0x00000037       0x37 ..\obj\core.o
 .ARM.attributes
                0x0000006e       0x37 ..\obj\timer.o
 .ARM.attributes
                0x000000a5       0x37 ..\obj\joy_driver.o
 .ARM.attributes
                0x000000dc       0x37 ..\obj\LCDTask.o
 .ARM.attributes
                0x00000113       0x37 ..\obj\task.o
 .ARM.attributes
                0x0000014a       0x37 ..\obj\startup_stm32f4xx.o
 .ARM.attributes
                0x00000181       0x37 ..\obj\serviceReq.o
 .ARM.attributes
                0x000001b8       0x37 ..\obj\analogJoy_driver.o
 .ARM.attributes
                0x000001ef       0x37 ..\obj\main.o
 .ARM.attributes
                0x00000226       0x37 ..\obj\stm32f4xx_rcc.o
 .ARM.attributes
                0x0000025d       0x37 ..\obj\stm32f4xx_adc.o
 .ARM.attributes
                0x00000294       0x37 ..\obj\AsciiLib.o
 .ARM.attributes
                0x000002cb       0x37 ..\obj\printf.o
 .ARM.attributes
                0x00000302       0x37 ..\obj\mbox.o
 .ARM.attributes
                0x00000339       0x37 ..\obj\LCD.o
 .ARM.attributes
                0x00000370       0x37 ..\obj\stm32f4xx_fsmc.o
 .ARM.attributes
                0x000003a7       0x37 ..\obj\time.o
 .ARM.attributes
                0x000003de       0x37 ..\obj\JoyTmr.o
 .ARM.attributes
                0x00000415       0x37 ..\obj\event.o
 .ARM.attributes
                0x0000044c       0x37 ..\obj\stm32f4xx_gpio.o
 .ARM.attributes
                0x00000483       0x37 ..\obj\system_stm32f4xx.o
 .ARM.attributes
                0x000004ba       0x37 ..\obj\stm32f4xx_dma.o
 .ARM.attributes
                0x000004f1       0x37 ..\obj\queue.o
 .ARM.attributes
                0x00000528       0x37 ..\obj\port.o
 .ARM.attributes
                0x0000055f       0x37 ..\obj\mutex.o
 .ARM.attributes
                0x00000596       0x37 ..\obj\flag.o
 .ARM.attributes
                0x000005cd       0x37 ..\obj\arch.o
 .ARM.attributes
                0x00000604       0x37 ..\obj\sem.o
 .ARM.attributes
                0x0000063b       0x37 ..\obj\hook.o
 .ARM.attributes
                0x00000672       0x32 c:/program files (x86)/gnu tools arm embedded/4.9 2015q3/bin/../lib/gcc/arm-none-eabi/4.9.3/../../../../arm-none-eabi/lib/armv7e-m/softfp\libm.a(lib_a-w_sqrt.o)
 .ARM.attributes
                0x000006a4       0x32 c:/program files (x86)/gnu tools arm embedded/4.9 2015q3/bin/../lib/gcc/arm-none-eabi/4.9.3/../../../../arm-none-eabi/lib/armv7e-m/softfp\libm.a(lib_a-e_sqrt.o)
 .ARM.attributes
                0x000006d6       0x32 c:/program files (x86)/gnu tools arm embedded/4.9 2015q3/bin/../lib/gcc/arm-none-eabi/4.9.3/../../../../arm-none-eabi/lib/armv7e-m/softfp\libm.a(lib_a-s_fpclassify.o)
 .ARM.attributes
                0x00000708       0x32 c:/program files (x86)/gnu tools arm embedded/4.9 2015q3/bin/../lib/gcc/arm-none-eabi/4.9.3/../../../../arm-none-eabi/lib/armv7e-m/softfp\libm.a(lib_a-s_lib_ver.o)
 .ARM.attributes
                0x0000073a       0x32 c:/program files (x86)/gnu tools arm embedded/4.9 2015q3/bin/../lib/gcc/arm-none-eabi/4.9.3/../../../../arm-none-eabi/lib/armv7e-m/softfp\libm.a(lib_a-s_matherr.o)
 .ARM.attributes
                0x0000076c       0x22 c:/program files (x86)/gnu tools arm embedded/4.9 2015q3/bin/../lib/gcc/arm-none-eabi/4.9.3/armv7e-m/softfp\libgcc.a(_arm_addsubdf3.o)
 .ARM.attributes
                0x0000078e       0x22 c:/program files (x86)/gnu tools arm embedded/4.9 2015q3/bin/../lib/gcc/arm-none-eabi/4.9.3/armv7e-m/softfp\libgcc.a(_arm_muldivdf3.o)
 .ARM.attributes
                0x000007b0       0x22 c:/program files (x86)/gnu tools arm embedded/4.9 2015q3/bin/../lib/gcc/arm-none-eabi/4.9.3/armv7e-m/softfp\libgcc.a(_arm_cmpdf2.o)
 .ARM.attributes
                0x000007d2       0x22 c:/program files (x86)/gnu tools arm embedded/4.9 2015q3/bin/../lib/gcc/arm-none-eabi/4.9.3/armv7e-m/softfp\libgcc.a(_arm_fixdfsi.o)
 .ARM.attributes
                0x000007f4       0x32 c:/program files (x86)/gnu tools arm embedded/4.9 2015q3/bin/../lib/gcc/arm-none-eabi/4.9.3/../../../../arm-none-eabi/lib/armv7e-m/softfp\libc.a(lib_a-errno.o)

.debug_frame    0x00000000     0x2f4c
 .debug_frame   0x00000000       0xa4 ..\obj\kernelHeap.o
 .debug_frame   0x000000a4       0xf8 ..\obj\core.o
 .debug_frame   0x0000019c      0x178 ..\obj\timer.o
 .debug_frame   0x00000314       0x58 ..\obj\joy_driver.o
 .debug_frame   0x0000036c      0x134 ..\obj\LCDTask.o
 .debug_frame   0x000004a0      0x2c8 ..\obj\task.o
 .debug_frame   0x00000768       0x4c ..\obj\startup_stm32f4xx.o
 .debug_frame   0x000007b4       0x58 ..\obj\serviceReq.o
 .debug_frame   0x0000080c       0x5c ..\obj\analogJoy_driver.o
 .debug_frame   0x00000868       0x64 ..\obj\main.o
 .debug_frame   0x000008cc      0x6d4 ..\obj\stm32f4xx_rcc.o
 .debug_frame   0x00000fa0      0x5ec ..\obj\stm32f4xx_adc.o
 .debug_frame   0x0000158c       0x38 ..\obj\AsciiLib.o
 .debug_frame   0x000015c4      0x2e0 ..\obj\printf.o
 .debug_frame   0x000018a4       0xe8 ..\obj\mbox.o
 .debug_frame   0x0000198c      0x370 ..\obj\LCD.o
 .debug_frame   0x00001cfc      0x300 ..\obj\stm32f4xx_fsmc.o
 .debug_frame   0x00001ffc      0x130 ..\obj\time.o
 .debug_frame   0x0000212c       0xbc ..\obj\JoyTmr.o
 .debug_frame   0x000021e8      0x114 ..\obj\event.o
 .debug_frame   0x000022fc      0x23c ..\obj\stm32f4xx_gpio.o
 .debug_frame   0x00002538       0x7c ..\obj\system_stm32f4xx.o
 .debug_frame   0x000025b4      0x308 ..\obj\stm32f4xx_dma.o
 .debug_frame   0x000028bc       0xe8 ..\obj\queue.o
 .debug_frame   0x000029a4       0xd0 ..\obj\port.o
 .debug_frame   0x00002a74       0xa0 ..\obj\mutex.o
 .debug_frame   0x00002b14      0x1cc ..\obj\flag.o
 .debug_frame   0x00002ce0       0x54 ..\obj\arch.o
 .debug_frame   0x00002d34       0xe8 ..\obj\sem.o
 .debug_frame   0x00002e1c       0x48 ..\obj\hook.o
 .debug_frame   0x00002e64       0x44 c:/program files (x86)/gnu tools arm embedded/4.9 2015q3/bin/../lib/gcc/arm-none-eabi/4.9.3/../../../../arm-none-eabi/lib/armv7e-m/softfp\libm.a(lib_a-w_sqrt.o)
 .debug_frame   0x00002ea8       0x30 c:/program files (x86)/gnu tools arm embedded/4.9 2015q3/bin/../lib/gcc/arm-none-eabi/4.9.3/../../../../arm-none-eabi/lib/armv7e-m/softfp\libm.a(lib_a-e_sqrt.o)
 .debug_frame   0x00002ed8       0x34 c:/program files (x86)/gnu tools arm embedded/4.9 2015q3/bin/../lib/gcc/arm-none-eabi/4.9.3/../../../../arm-none-eabi/lib/armv7e-m/softfp\libm.a(lib_a-s_fpclassify.o)
 .debug_frame   0x00002f0c       0x20 c:/program files (x86)/gnu tools arm embedded/4.9 2015q3/bin/../lib/gcc/arm-none-eabi/4.9.3/../../../../arm-none-eabi/lib/armv7e-m/softfp\libm.a(lib_a-s_matherr.o)
 .debug_frame   0x00002f2c       0x20 c:/program files (x86)/gnu tools arm embedded/4.9 2015q3/bin/../lib/gcc/arm-none-eabi/4.9.3/../../../../arm-none-eabi/lib/armv7e-m/softfp\libc.a(lib_a-errno.o)
